<?xml version="1.0"?>
<link_info>
   <banner>MSP430 Linker PC v4.4.4</banner>
   <copyright>Copyright (c) 2003-2015 Texas Instruments Incorporated</copyright>
   <link_time>0x576441cb</link_time>
   <link_errors>0x0</link_errors>
   <output_file>SP_ST.out</output_file>
   <entry_point>
      <name>_c_int00_noargs_noexit</name>
      <address>0xd4e6</address>
   </entry_point>
   <input_file_list>
      <input_file id="fl-2">
         <path>.\</path>
         <kind>object</kind>
         <file>Thermo.obj</file>
         <name>Thermo.obj</name>
      </input_file>
      <input_file id="fl-3">
         <path>.\</path>
         <kind>object</kind>
         <file>irupt.obj</file>
         <name>irupt.obj</name>
      </input_file>
      <input_file id="fl-4">
         <path>.\</path>
         <kind>object</kind>
         <file>main.obj</file>
         <name>main.obj</name>
      </input_file>
      <input_file id="fl-5">
         <path>.\hal\</path>
         <kind>object</kind>
         <file>adc12.obj</file>
         <name>adc12.obj</name>
      </input_file>
      <input_file id="fl-6">
         <path>.\core\</path>
         <kind>object</kind>
         <file>core.obj</file>
         <name>core.obj</name>
      </input_file>
      <input_file id="fl-7">
         <path>.\core\</path>
         <kind>object</kind>
         <file>flash.obj</file>
         <name>flash.obj</name>
      </input_file>
      <input_file id="fl-8">
         <path>.\core\comm\</path>
         <kind>object</kind>
         <file>comm.obj</file>
         <name>comm.obj</name>
      </input_file>
      <input_file id="fl-9">
         <path>.\core\comm\</path>
         <kind>object</kind>
         <file>crc.obj</file>
         <name>crc.obj</name>
      </input_file>
      <input_file id="fl-38">
         <path>C:\ti\ccsv6\tools\compiler\ti-cgt-msp430_4.4.4\lib\</path>
         <kind>archive</kind>
         <file>rts430.lib</file>
         <name>asr16.obj</name>
      </input_file>
      <input_file id="fl-39">
         <path>C:\ti\ccsv6\tools\compiler\ti-cgt-msp430_4.4.4\lib\</path>
         <kind>archive</kind>
         <file>rts430.lib</file>
         <name>boot.obj</name>
      </input_file>
      <input_file id="fl-3a">
         <path>C:\ti\ccsv6\tools\compiler\ti-cgt-msp430_4.4.4\lib\</path>
         <kind>archive</kind>
         <file>rts430.lib</file>
         <name>boot_special.obj</name>
      </input_file>
      <input_file id="fl-3b">
         <path>C:\ti\ccsv6\tools\compiler\ti-cgt-msp430_4.4.4\lib\</path>
         <kind>archive</kind>
         <file>rts430.lib</file>
         <name>copy_decompress_none.obj</name>
      </input_file>
      <input_file id="fl-3c">
         <path>C:\ti\ccsv6\tools\compiler\ti-cgt-msp430_4.4.4\lib\</path>
         <kind>archive</kind>
         <file>rts430.lib</file>
         <name>copy_decompress_rle.obj</name>
      </input_file>
      <input_file id="fl-3d">
         <path>C:\ti\ccsv6\tools\compiler\ti-cgt-msp430_4.4.4\lib\</path>
         <kind>archive</kind>
         <file>rts430.lib</file>
         <name>copy_zero_init.obj</name>
      </input_file>
      <input_file id="fl-3e">
         <path>C:\ti\ccsv6\tools\compiler\ti-cgt-msp430_4.4.4\lib\</path>
         <kind>archive</kind>
         <file>rts430.lib</file>
         <name>div16s.obj</name>
      </input_file>
      <input_file id="fl-3f">
         <path>C:\ti\ccsv6\tools\compiler\ti-cgt-msp430_4.4.4\lib\</path>
         <kind>archive</kind>
         <file>rts430.lib</file>
         <name>div16u.obj</name>
      </input_file>
      <input_file id="fl-40">
         <path>C:\ti\ccsv6\tools\compiler\ti-cgt-msp430_4.4.4\lib\</path>
         <kind>archive</kind>
         <file>rts430.lib</file>
         <name>div32s.obj</name>
      </input_file>
      <input_file id="fl-41">
         <path>C:\ti\ccsv6\tools\compiler\ti-cgt-msp430_4.4.4\lib\</path>
         <kind>archive</kind>
         <file>rts430.lib</file>
         <name>div32u.obj</name>
      </input_file>
      <input_file id="fl-42">
         <path>C:\ti\ccsv6\tools\compiler\ti-cgt-msp430_4.4.4\lib\</path>
         <kind>archive</kind>
         <file>rts430.lib</file>
         <name>epilog.obj</name>
      </input_file>
      <input_file id="fl-43">
         <path>C:\ti\ccsv6\tools\compiler\ti-cgt-msp430_4.4.4\lib\</path>
         <kind>archive</kind>
         <file>rts430.lib</file>
         <name>exit.obj</name>
      </input_file>
      <input_file id="fl-44">
         <path>C:\ti\ccsv6\tools\compiler\ti-cgt-msp430_4.4.4\lib\</path>
         <kind>archive</kind>
         <file>rts430.lib</file>
         <name>exit_gvars.obj</name>
      </input_file>
      <input_file id="fl-45">
         <path>C:\ti\ccsv6\tools\compiler\ti-cgt-msp430_4.4.4\lib\</path>
         <kind>archive</kind>
         <file>rts430.lib</file>
         <name>int03.obj</name>
      </input_file>
      <input_file id="fl-46">
         <path>C:\ti\ccsv6\tools\compiler\ti-cgt-msp430_4.4.4\lib\</path>
         <kind>archive</kind>
         <file>rts430.lib</file>
         <name>int09.obj</name>
      </input_file>
      <input_file id="fl-47">
         <path>C:\ti\ccsv6\tools\compiler\ti-cgt-msp430_4.4.4\lib\</path>
         <kind>archive</kind>
         <file>rts430.lib</file>
         <name>isr_trap.obj</name>
      </input_file>
      <input_file id="fl-48">
         <path>C:\ti\ccsv6\tools\compiler\ti-cgt-msp430_4.4.4\lib\</path>
         <kind>archive</kind>
         <file>rts430.lib</file>
         <name>lsl16.obj</name>
      </input_file>
      <input_file id="fl-49">
         <path>C:\ti\ccsv6\tools\compiler\ti-cgt-msp430_4.4.4\lib\</path>
         <kind>archive</kind>
         <file>rts430.lib</file>
         <name>lsr16.obj</name>
      </input_file>
      <input_file id="fl-4a">
         <path>C:\ti\ccsv6\tools\compiler\ti-cgt-msp430_4.4.4\lib\</path>
         <kind>archive</kind>
         <file>rts430.lib</file>
         <name>memcpy.obj</name>
      </input_file>
      <input_file id="fl-4b">
         <path>C:\ti\ccsv6\tools\compiler\ti-cgt-msp430_4.4.4\lib\</path>
         <kind>archive</kind>
         <file>rts430.lib</file>
         <name>mpu_init.obj</name>
      </input_file>
      <input_file id="fl-4c">
         <path>C:\ti\ccsv6\tools\compiler\ti-cgt-msp430_4.4.4\lib\</path>
         <kind>archive</kind>
         <file>rts430.lib</file>
         <name>mult16.obj</name>
      </input_file>
      <input_file id="fl-4d">
         <path>C:\ti\ccsv6\tools\compiler\ti-cgt-msp430_4.4.4\lib\</path>
         <kind>archive</kind>
         <file>rts430.lib</file>
         <name>mult1632_hw.obj</name>
      </input_file>
      <input_file id="fl-4e">
         <path>C:\ti\ccsv6\tools\compiler\ti-cgt-msp430_4.4.4\lib\</path>
         <kind>archive</kind>
         <file>rts430.lib</file>
         <name>mult16_hw.obj</name>
      </input_file>
      <input_file id="fl-4f">
         <path>C:\ti\ccsv6\tools\compiler\ti-cgt-msp430_4.4.4\lib\</path>
         <kind>archive</kind>
         <file>rts430.lib</file>
         <name>mult32.obj</name>
      </input_file>
      <input_file id="fl-50">
         <path>C:\ti\ccsv6\tools\compiler\ti-cgt-msp430_4.4.4\lib\</path>
         <kind>archive</kind>
         <file>rts430.lib</file>
         <name>mult3264_hw.obj</name>
      </input_file>
      <input_file id="fl-51">
         <path>C:\ti\ccsv6\tools\compiler\ti-cgt-msp430_4.4.4\lib\</path>
         <kind>archive</kind>
         <file>rts430.lib</file>
         <name>mult32_hw.obj</name>
      </input_file>
      <input_file id="fl-52">
         <path>C:\ti\ccsv6\tools\compiler\ti-cgt-msp430_4.4.4\lib\</path>
         <kind>archive</kind>
         <file>rts430.lib</file>
         <name>mult64_hw.obj</name>
      </input_file>
      <input_file id="fl-53">
         <path>C:\ti\ccsv6\tools\compiler\ti-cgt-msp430_4.4.4\lib\</path>
         <kind>archive</kind>
         <file>rts430.lib</file>
         <name>pre_init.obj</name>
      </input_file>
      <input_file id="fl-54">
         <path>C:\ti\ccsv6\tools\compiler\ti-cgt-msp430_4.4.4\lib\</path>
         <kind>archive</kind>
         <file>rts430.lib</file>
         <name>_lock.obj</name>
      </input_file>
      <input_file id="fl-55">
         <path>C:\ti\ccsv6\tools\compiler\ti-cgt-msp430_4.4.4\lib\</path>
         <kind>archive</kind>
         <file>rts430.lib</file>
         <name>args_main.obj</name>
      </input_file>
      <input_file id="fl-56">
         <path>C:\ti\ccsv6\tools\compiler\ti-cgt-msp430_4.4.4\lib\</path>
         <kind>archive</kind>
         <file>rts430.lib</file>
         <name>autoinit.obj</name>
      </input_file>
   </input_file_list>
   <object_component_list>
      <object_component id="oc-49">
         <name>.bss</name>
         <uninitialized>true</uninitialized>
         <run_address>0x270</run_address>
         <size>0x1c</size>
         <input_file_ref idref="fl-2"/>
      </object_component>
      <object_component id="oc-55">
         <name>.bss</name>
         <uninitialized>true</uninitialized>
         <run_address>0x24a</run_address>
         <size>0x25</size>
         <input_file_ref idref="fl-4"/>
      </object_component>
      <object_component id="oc-62">
         <name>.bss</name>
         <uninitialized>true</uninitialized>
         <run_address>0x28c</run_address>
         <size>0x8</size>
         <input_file_ref idref="fl-6"/>
      </object_component>
      <object_component id="oc-6d">
         <name>.bss</name>
         <uninitialized>true</uninitialized>
         <run_address>0x200</run_address>
         <size>0x49</size>
         <input_file_ref idref="fl-8"/>
      </object_component>
      <object_component id="oc-7e">
         <name>.stack</name>
         <uninitialized>true</uninitialized>
         <run_address>0x9b0</run_address>
         <size>0x2</size>
         <input_file_ref idref="fl-39"/>
      </object_component>
      <object_component id="oc-17c">
         <name>.stack</name>
         <uninitialized>true</uninitialized>
         <run_address>0x9b0</run_address>
         <size>0x0</size>
      </object_component>
      <object_component id="oc-11e">
         <name>.text:vCORE_Run</name>
         <load_address>0xc000</load_address>
         <run_address>0xc000</run_address>
         <size>0x534</size>
         <input_file_ref idref="fl-6"/>
      </object_component>
      <object_component id="oc-148">
         <name>.text:uiThermo_ReadChannel</name>
         <load_address>0xc534</load_address>
         <run_address>0xc534</run_address>
         <size>0x116</size>
         <input_file_ref idref="fl-2"/>
      </object_component>
      <object_component id="oc-147">
         <name>.text:vThermistorReading</name>
         <load_address>0xc64a</load_address>
         <run_address>0xc64a</run_address>
         <size>0xf2</size>
         <input_file_ref idref="fl-2"/>
      </object_component>
      <object_component id="oc-146">
         <name>.text:vZeroReading</name>
         <load_address>0xc73c</load_address>
         <run_address>0xc73c</run_address>
         <size>0xea</size>
         <input_file_ref idref="fl-2"/>
      </object_component>
      <object_component id="oc-12f">
         <name>.text:vMain_FetchLabel</name>
         <load_address>0xc826</load_address>
         <run_address>0xc826</run_address>
         <size>0xca</size>
         <input_file_ref idref="fl-4"/>
      </object_component>
      <object_component id="oc-138">
         <name>.text:ucCOMM_SendByte</name>
         <load_address>0xc8f0</load_address>
         <run_address>0xc8f0</run_address>
         <size>0xb4</size>
         <input_file_ref idref="fl-8"/>
      </object_component>
      <object_component id="oc-11c">
         <name>.text:vCORE_Initilize</name>
         <load_address>0xc9a4</load_address>
         <run_address>0xc9a4</run_address>
         <size>0xb4</size>
         <input_file_ref idref="fl-6"/>
      </object_component>
      <object_component id="oc-139">
         <name>.text:ucCOMM_ReceiveByte</name>
         <load_address>0xca58</load_address>
         <run_address>0xca58</run_address>
         <size>0xa4</size>
         <input_file_ref idref="fl-8"/>
      </object_component>
      <object_component id="oc-137">
         <name>.text:ucCRC16_compute_msg_CRC</name>
         <load_address>0xcafc</load_address>
         <run_address>0xcafc</run_address>
         <size>0x74</size>
         <input_file_ref idref="fl-9"/>
      </object_component>
      <object_component id="oc-122">
         <name>.text:unCORE_GetVoltage</name>
         <load_address>0xcb70</load_address>
         <run_address>0xcb70</run_address>
         <size>0x72</size>
         <input_file_ref idref="fl-6"/>
      </object_component>
      <object_component id="oc-12e">
         <name>.text:vFlash_GetBSLPW</name>
         <load_address>0xcbe2</load_address>
         <run_address>0xcbe2</run_address>
         <size>0x70</size>
         <input_file_ref idref="fl-7"/>
      </object_component>
      <object_component id="oc-130">
         <name>.text:ucMain_FetchData</name>
         <load_address>0xcc52</load_address>
         <run_address>0xcc52</run_address>
         <size>0x6c</size>
         <input_file_ref idref="fl-4"/>
      </object_component>
      <object_component id="oc-13f">
         <name>.text:uiMain_CH3</name>
         <load_address>0xccbe</load_address>
         <run_address>0xccbe</run_address>
         <size>0x6a</size>
         <input_file_ref idref="fl-4"/>
      </object_component>
      <object_component id="oc-141">
         <name>.text:uiMain_CH1</name>
         <load_address>0xcd28</load_address>
         <run_address>0xcd28</run_address>
         <size>0x68</size>
         <input_file_ref idref="fl-4"/>
      </object_component>
      <object_component id="oc-140">
         <name>.text:uiMain_CH2</name>
         <load_address>0xcd90</load_address>
         <run_address>0xcd90</run_address>
         <size>0x68</size>
         <input_file_ref idref="fl-4"/>
      </object_component>
      <object_component id="oc-13e">
         <name>.text:uiMain_CH4</name>
         <load_address>0xcdf8</load_address>
         <run_address>0xcdf8</run_address>
         <size>0x68</size>
         <input_file_ref idref="fl-4"/>
      </object_component>
      <object_component id="oc-a7">
         <name>.text</name>
         <load_address>0xce60</load_address>
         <run_address>0xce60</run_address>
         <size>0x58</size>
         <input_file_ref idref="fl-41"/>
      </object_component>
      <object_component id="oc-126">
         <name>.text:ucCOMM_GrabMessageFromBuffer</name>
         <load_address>0xceb8</load_address>
         <run_address>0xceb8</run_address>
         <size>0x54</size>
         <input_file_ref idref="fl-8"/>
      </object_component>
      <object_component id="oc-12a">
         <name>.text:ucFlash_SetHID</name>
         <load_address>0xcf0c</load_address>
         <run_address>0xcf0c</run_address>
         <size>0x52</size>
         <input_file_ref idref="fl-7"/>
      </object_component>
      <object_component id="oc-14a">
         <name>.text:vThermo_LPMDelay</name>
         <load_address>0xcf5e</load_address>
         <run_address>0xcf5e</run_address>
         <size>0x52</size>
         <input_file_ref idref="fl-2"/>
      </object_component>
      <object_component id="oc-c1">
         <name>.text</name>
         <load_address>0xcfb0</load_address>
         <run_address>0xcfb0</run_address>
         <size>0x4c</size>
         <input_file_ref idref="fl-49"/>
      </object_component>
      <object_component id="oc-120">
         <name>.text:vCOMM_Init</name>
         <load_address>0xcffc</load_address>
         <run_address>0xcffc</run_address>
         <size>0x4c</size>
         <input_file_ref idref="fl-8"/>
      </object_component>
      <object_component id="oc-10d">
         <name>.text:_auto_init</name>
         <load_address>0xd048</load_address>
         <run_address>0xd048</run_address>
         <size>0x48</size>
         <input_file_ref idref="fl-56"/>
      </object_component>
      <object_component id="oc-11d">
         <name>.text:vMain_CleanDataStruct</name>
         <load_address>0xd090</load_address>
         <run_address>0xd090</run_address>
         <size>0x44</size>
         <input_file_ref idref="fl-4"/>
      </object_component>
      <object_component id="oc-a2">
         <name>.text</name>
         <load_address>0xd0d4</load_address>
         <run_address>0xd0d4</run_address>
         <size>0x40</size>
         <input_file_ref idref="fl-40"/>
      </object_component>
      <object_component id="oc-13c">
         <name>.text:vFlash_Write_Segment</name>
         <load_address>0xd114</load_address>
         <run_address>0xd114</run_address>
         <size>0x40</size>
         <input_file_ref idref="fl-7"/>
      </object_component>
      <object_component id="oc-123">
         <name>.text:ucCOMM_WaitForStartCondition</name>
         <load_address>0xd154</load_address>
         <run_address>0xd154</run_address>
         <size>0x3e</size>
         <input_file_ref idref="fl-8"/>
      </object_component>
      <object_component id="oc-149">
         <name>.text:vCRC16_updateNibble</name>
         <load_address>0xd192</load_address>
         <run_address>0xd192</run_address>
         <size>0x3e</size>
         <input_file_ref idref="fl-9"/>
      </object_component>
      <object_component id="oc-125">
         <name>.text:ucCOMM_WaitForMessage</name>
         <load_address>0xd1d0</load_address>
         <run_address>0xd1d0</run_address>
         <size>0x3c</size>
         <input_file_ref idref="fl-8"/>
      </object_component>
      <object_component id="oc-124">
         <name>.text:vCOMM_SendMessage</name>
         <load_address>0xd20c</load_address>
         <run_address>0xd20c</run_address>
         <size>0x3c</size>
         <input_file_ref idref="fl-8"/>
      </object_component>
      <object_component id="oc-132">
         <name>.text:uiMainDispatch</name>
         <load_address>0xd248</load_address>
         <run_address>0xd248</run_address>
         <size>0x3a</size>
         <input_file_ref idref="fl-4"/>
      </object_component>
      <object_component id="oc-103">
         <name>.text:ADC_Conversion</name>
         <load_address>0xd282</load_address>
         <run_address>0xd282</run_address>
         <size>0x34</size>
         <input_file_ref idref="fl-2"/>
      </object_component>
      <object_component id="oc-144">
         <name>.text:ucFlash_Write_Byte</name>
         <load_address>0xd2b6</load_address>
         <run_address>0xd2b6</run_address>
         <size>0x34</size>
         <input_file_ref idref="fl-7"/>
      </object_component>
      <object_component id="oc-13a">
         <name>.text:vFlash_Read_Segment</name>
         <load_address>0xd2ea</load_address>
         <run_address>0xd2ea</run_address>
         <size>0x34</size>
         <input_file_ref idref="fl-7"/>
      </object_component>
      <object_component id="oc-14b">
         <name>.text</name>
         <load_address>0xd31e</load_address>
         <run_address>0xd31e</run_address>
         <size>0x2e</size>
         <input_file_ref idref="fl-51"/>
      </object_component>
      <object_component id="oc-13d">
         <name>.text:vFlash_DisIncorrect_BSLPW_Erase</name>
         <load_address>0xd34c</load_address>
         <run_address>0xd34c</run_address>
         <size>0x2e</size>
         <input_file_ref idref="fl-7"/>
      </object_component>
      <object_component id="oc-78">
         <name>.text</name>
         <load_address>0xd37a</load_address>
         <run_address>0xd37a</run_address>
         <size>0x2c</size>
         <input_file_ref idref="fl-38"/>
      </object_component>
      <object_component id="oc-98">
         <name>.text</name>
         <load_address>0xd3a6</load_address>
         <run_address>0xd3a6</run_address>
         <size>0x2c</size>
         <input_file_ref idref="fl-3e"/>
      </object_component>
      <object_component id="oc-bc">
         <name>.text</name>
         <load_address>0xd3d2</load_address>
         <run_address>0xd3d2</run_address>
         <size>0x2c</size>
         <input_file_ref idref="fl-48"/>
      </object_component>
      <object_component id="oc-133">
         <name>.text:vCORE_Send_ErrorMsg</name>
         <load_address>0xd3fe</load_address>
         <run_address>0xd3fe</run_address>
         <size>0x2c</size>
         <input_file_ref idref="fl-6"/>
      </object_component>
      <object_component id="oc-136">
         <name>.text:uiFlash_Read_Int</name>
         <load_address>0xd42a</load_address>
         <run_address>0xd42a</run_address>
         <size>0x28</size>
         <input_file_ref idref="fl-7"/>
      </object_component>
      <object_component id="oc-145">
         <name>.text:vADCInit</name>
         <load_address>0xd452</load_address>
         <run_address>0xd452</run_address>
         <size>0x28</size>
         <input_file_ref idref="fl-2"/>
      </object_component>
      <object_component id="oc-131">
         <name>.text:vCORE_Send_ConfirmPKT</name>
         <load_address>0xd47a</load_address>
         <run_address>0xd47a</run_address>
         <size>0x28</size>
         <input_file_ref idref="fl-6"/>
      </object_component>
      <object_component id="oc-121">
         <name>.text:vFlash_GetHID</name>
         <load_address>0xd4a2</load_address>
         <run_address>0xd4a2</run_address>
         <size>0x26</size>
         <input_file_ref idref="fl-7"/>
      </object_component>
      <object_component id="oc-13b">
         <name>.text:vFlash_Erase_Seg</name>
         <load_address>0xd4c8</load_address>
         <run_address>0xd4c8</run_address>
         <size>0x1e</size>
         <input_file_ref idref="fl-7"/>
      </object_component>
      <object_component id="oc-43">
         <name>.text:_c_int00_noargs_noexit</name>
         <load_address>0xd4e6</load_address>
         <run_address>0xd4e6</run_address>
         <size>0x1a</size>
         <input_file_ref idref="fl-3a"/>
      </object_component>
      <object_component id="oc-143">
         <name>.text:vCRC16_updateByte</name>
         <load_address>0xd500</load_address>
         <run_address>0xd500</run_address>
         <size>0x1a</size>
         <input_file_ref idref="fl-9"/>
      </object_component>
      <object_component id="oc-142">
         <name>.text:uiMain_Test</name>
         <load_address>0xd51a</load_address>
         <run_address>0xd51a</run_address>
         <size>0x18</size>
         <input_file_ref idref="fl-4"/>
      </object_component>
      <object_component id="oc-135">
         <name>.text:vFlash_init</name>
         <load_address>0xd532</load_address>
         <run_address>0xd532</run_address>
         <size>0x18</size>
         <input_file_ref idref="fl-7"/>
      </object_component>
      <object_component id="oc-9d">
         <name>.text</name>
         <load_address>0xd54a</load_address>
         <run_address>0xd54a</run_address>
         <size>0x16</size>
         <input_file_ref idref="fl-3f"/>
      </object_component>
      <object_component id="oc-102">
         <name>.text:PORT1_ISR</name>
         <load_address>0xd560</load_address>
         <run_address>0xd560</run_address>
         <size>0x12</size>
         <input_file_ref idref="fl-3"/>
      </object_component>
      <object_component id="oc-111">
         <name>.text:main</name>
         <load_address>0xd572</load_address>
         <run_address>0xd572</run_address>
         <size>0x12</size>
         <input_file_ref idref="fl-4"/>
      </object_component>
      <object_component id="oc-100">
         <name>.text:memcpy</name>
         <load_address>0xd584</load_address>
         <run_address>0xd584</run_address>
         <size>0x12</size>
         <input_file_ref idref="fl-4a"/>
      </object_component>
      <object_component id="oc-12c">
         <name>.text:ucMain_getTransducerType</name>
         <load_address>0xd596</load_address>
         <run_address>0xd596</run_address>
         <size>0x12</size>
         <input_file_ref idref="fl-4"/>
      </object_component>
      <object_component id="oc-113">
         <name>.text</name>
         <load_address>0xd5a8</load_address>
         <run_address>0xd5a8</run_address>
         <size>0x10</size>
         <input_file_ref idref="fl-42"/>
      </object_component>
      <object_component id="oc-109">
         <name>.text:TIMERB1_ISR</name>
         <load_address>0xd5b8</load_address>
         <run_address>0xd5b8</run_address>
         <size>0xe</size>
         <input_file_ref idref="fl-3"/>
      </object_component>
      <object_component id="oc-b7">
         <name>.text:_isr:__TI_ISR_TRAP</name>
         <load_address>0xd5c6</load_address>
         <run_address>0xd5c6</run_address>
         <size>0x6</size>
         <input_file_ref idref="fl-47"/>
      </object_component>
      <object_component id="oc-10c">
         <name>.text:_system_pre_init</name>
         <load_address>0xd5cc</load_address>
         <run_address>0xd5cc</run_address>
         <size>0x4</size>
         <input_file_ref idref="fl-53"/>
      </object_component>
      <object_component id="oc-112">
         <name>.text:abort</name>
         <load_address>0xd5d0</load_address>
         <run_address>0xd5d0</run_address>
         <size>0x4</size>
         <input_file_ref idref="fl-43"/>
      </object_component>
      <object_component id="oc-128">
         <name>.text:ucMAIN_ReturnSensorType</name>
         <load_address>0xd5d4</load_address>
         <run_address>0xd5d4</run_address>
         <size>0x4</size>
         <input_file_ref idref="fl-4"/>
      </object_component>
      <object_component id="oc-127">
         <name>.text:ucMain_ShutdownAllowed</name>
         <load_address>0xd5d8</load_address>
         <run_address>0xd5d8</run_address>
         <size>0x4</size>
         <input_file_ref idref="fl-4"/>
      </object_component>
      <object_component id="oc-12b">
         <name>.text:ucMain_getNumTransducers</name>
         <load_address>0xd5dc</load_address>
         <run_address>0xd5dc</run_address>
         <size>0x4</size>
         <input_file_ref idref="fl-4"/>
      </object_component>
      <object_component id="oc-12d">
         <name>.text:ucMain_getSampleDuration</name>
         <load_address>0xd5e0</load_address>
         <run_address>0xd5e0</run_address>
         <size>0x4</size>
         <input_file_ref idref="fl-4"/>
      </object_component>
      <object_component id="oc-108">
         <name>.text:COMPARATORA_ISR</name>
         <load_address>0xd5e4</load_address>
         <run_address>0xd5e4</run_address>
         <size>0x2</size>
         <input_file_ref idref="fl-3"/>
      </object_component>
      <object_component id="oc-10b">
         <name>.text:NMI_ISR</name>
         <load_address>0xd5e6</load_address>
         <run_address>0xd5e6</run_address>
         <size>0x2</size>
         <input_file_ref idref="fl-3"/>
      </object_component>
      <object_component id="oc-106">
         <name>.text:TIMERA1_ISR</name>
         <load_address>0xd5e8</load_address>
         <run_address>0xd5e8</run_address>
         <size>0x2</size>
         <input_file_ref idref="fl-3"/>
      </object_component>
      <object_component id="oc-10a">
         <name>.text:TIMERB0_ISR</name>
         <load_address>0xd5ea</load_address>
         <run_address>0xd5ea</run_address>
         <size>0x2</size>
         <input_file_ref idref="fl-3"/>
      </object_component>
      <object_component id="oc-105">
         <name>.text:USCIAB0RX_ISR</name>
         <load_address>0xd5ec</load_address>
         <run_address>0xd5ec</run_address>
         <size>0x2</size>
         <input_file_ref idref="fl-3"/>
      </object_component>
      <object_component id="oc-104">
         <name>.text:USCIAB0TX_ISR</name>
         <load_address>0xd5ee</load_address>
         <run_address>0xd5ee</run_address>
         <size>0x2</size>
         <input_file_ref idref="fl-3"/>
      </object_component>
      <object_component id="oc-107">
         <name>.text:WDT_ISR</name>
         <load_address>0xd5f0</load_address>
         <run_address>0xd5f0</run_address>
         <size>0x2</size>
         <input_file_ref idref="fl-3"/>
      </object_component>
      <object_component id="oc-129">
         <name>.text:vMAIN_RequestSensorType</name>
         <load_address>0xd5f2</load_address>
         <run_address>0xd5f2</run_address>
         <size>0x2</size>
         <input_file_ref idref="fl-4"/>
      </object_component>
      <object_component id="oc-134">
         <name>.text:vMain_EventTrigger</name>
         <load_address>0xd5f4</load_address>
         <run_address>0xd5f4</run_address>
         <size>0x2</size>
         <input_file_ref idref="fl-4"/>
      </object_component>
      <object_component id="oc-4b">
         <name>.cinit</name>
         <load_address>0xd688</load_address>
         <run_address>0xd688</run_address>
         <size>0x18</size>
         <input_file_ref idref="fl-2"/>
      </object_component>
      <object_component id="oc-57">
         <name>.cinit</name>
         <load_address>0xd6a0</load_address>
         <run_address>0xd6a0</run_address>
         <size>0x11</size>
         <input_file_ref idref="fl-4"/>
      </object_component>
      <object_component id="oc-58">
         <name>.const:.string</name>
         <load_address>0xd5f6</load_address>
         <run_address>0xd5f6</run_address>
         <size>0x6c</size>
         <input_file_ref idref="fl-4"/>
      </object_component>
      <object_component id="oc-14d">
         <name>.const:.string:ucCRC16_lookupHI</name>
         <load_address>0xd662</load_address>
         <run_address>0xd662</run_address>
         <size>0x10</size>
         <input_file_ref idref="fl-9"/>
      </object_component>
      <object_component id="oc-14e">
         <name>.const:.string:ucCRC16_lookupLO</name>
         <load_address>0xd672</load_address>
         <run_address>0xd672</run_address>
         <size>0x10</size>
         <input_file_ref idref="fl-9"/>
      </object_component>
      <object_component id="oc-14c">
         <name>.const:.string:$P$T0$1</name>
         <load_address>0xd682</load_address>
         <run_address>0xd682</run_address>
         <size>0x5</size>
         <input_file_ref idref="fl-2"/>
      </object_component>
      <object_component id="oc-32">
         <name>.int02</name>
         <load_address>0xffe4</load_address>
         <run_address>0xffe4</run_address>
         <size>0x2</size>
         <input_file_ref idref="fl-3"/>
      </object_component>
      <object_component id="oc-33">
         <name>.int03</name>
         <load_address>0xffe6</load_address>
         <run_address>0xffe6</run_address>
         <size>0x2</size>
         <input_file_ref idref="fl-45"/>
      </object_component>
      <object_component id="oc-34">
         <name>.int05</name>
         <load_address>0xffea</load_address>
         <run_address>0xffea</run_address>
         <size>0x2</size>
         <input_file_ref idref="fl-2"/>
      </object_component>
      <object_component id="oc-35">
         <name>.int06</name>
         <load_address>0xffec</load_address>
         <run_address>0xffec</run_address>
         <size>0x2</size>
         <input_file_ref idref="fl-3"/>
      </object_component>
      <object_component id="oc-36">
         <name>.int07</name>
         <load_address>0xffee</load_address>
         <run_address>0xffee</run_address>
         <size>0x2</size>
         <input_file_ref idref="fl-3"/>
      </object_component>
      <object_component id="oc-37">
         <name>.int08</name>
         <load_address>0xfff0</load_address>
         <run_address>0xfff0</run_address>
         <size>0x2</size>
         <input_file_ref idref="fl-3"/>
      </object_component>
      <object_component id="oc-38">
         <name>.int09</name>
         <load_address>0xfff2</load_address>
         <run_address>0xfff2</run_address>
         <size>0x2</size>
         <input_file_ref idref="fl-46"/>
      </object_component>
      <object_component id="oc-39">
         <name>.int10</name>
         <load_address>0xfff4</load_address>
         <run_address>0xfff4</run_address>
         <size>0x2</size>
         <input_file_ref idref="fl-3"/>
      </object_component>
      <object_component id="oc-3a">
         <name>.int11</name>
         <load_address>0xfff6</load_address>
         <run_address>0xfff6</run_address>
         <size>0x2</size>
         <input_file_ref idref="fl-3"/>
      </object_component>
      <object_component id="oc-3b">
         <name>.int12</name>
         <load_address>0xfff8</load_address>
         <run_address>0xfff8</run_address>
         <size>0x2</size>
         <input_file_ref idref="fl-3"/>
      </object_component>
      <object_component id="oc-3c">
         <name>.int13</name>
         <load_address>0xfffa</load_address>
         <run_address>0xfffa</run_address>
         <size>0x2</size>
         <input_file_ref idref="fl-3"/>
      </object_component>
      <object_component id="oc-3d">
         <name>.int14</name>
         <load_address>0xfffc</load_address>
         <run_address>0xfffc</run_address>
         <size>0x2</size>
         <input_file_ref idref="fl-3"/>
      </object_component>
      <object_component id="oc-7f">
         <name>.reset</name>
         <load_address>0xfffe</load_address>
         <run_address>0xfffe</run_address>
         <size>0x2</size>
         <input_file_ref idref="fl-39"/>
      </object_component>
      <object_component id="oc-4a">
         <name>.debug_info</name>
         <load_address>0x0</load_address>
         <run_address>0x0</run_address>
         <size>0xa0d</size>
         <input_file_ref idref="fl-2"/>
      </object_component>
      <object_component id="oc-50">
         <name>.debug_info</name>
         <load_address>0xa0d</load_address>
         <run_address>0xa0d</run_address>
         <size>0x4dc</size>
         <input_file_ref idref="fl-3"/>
      </object_component>
      <object_component id="oc-56">
         <name>.debug_info</name>
         <load_address>0xee9</load_address>
         <run_address>0xee9</run_address>
         <size>0x101b</size>
         <input_file_ref idref="fl-4"/>
      </object_component>
      <object_component id="oc-5d">
         <name>.debug_info</name>
         <load_address>0x1f04</load_address>
         <run_address>0x1f04</run_address>
         <size>0x2eb</size>
         <input_file_ref idref="fl-5"/>
      </object_component>
      <object_component id="oc-63">
         <name>.debug_info</name>
         <load_address>0x21ef</load_address>
         <run_address>0x21ef</run_address>
         <size>0x11d9</size>
         <input_file_ref idref="fl-6"/>
      </object_component>
      <object_component id="oc-68">
         <name>.debug_info</name>
         <load_address>0x33c8</load_address>
         <run_address>0x33c8</run_address>
         <size>0xb23</size>
         <input_file_ref idref="fl-7"/>
      </object_component>
      <object_component id="oc-6e">
         <name>.debug_info</name>
         <load_address>0x3eeb</load_address>
         <run_address>0x3eeb</run_address>
         <size>0xac0</size>
         <input_file_ref idref="fl-8"/>
      </object_component>
      <object_component id="oc-73">
         <name>.debug_info</name>
         <load_address>0x49ab</load_address>
         <run_address>0x49ab</run_address>
         <size>0x5dd</size>
         <input_file_ref idref="fl-9"/>
      </object_component>
      <object_component id="oc-79">
         <name>.debug_info</name>
         <load_address>0x4f88</load_address>
         <run_address>0x4f88</run_address>
         <size>0xe7</size>
         <input_file_ref idref="fl-38"/>
      </object_component>
      <object_component id="oc-7d">
         <name>.debug_info</name>
         <load_address>0x506f</load_address>
         <run_address>0x506f</run_address>
         <size>0x286</size>
         <input_file_ref idref="fl-39"/>
      </object_component>
      <object_component id="oc-84">
         <name>.debug_info</name>
         <load_address>0x52f5</load_address>
         <run_address>0x52f5</run_address>
         <size>0x362</size>
         <input_file_ref idref="fl-3a"/>
      </object_component>
      <object_component id="oc-89">
         <name>.debug_info</name>
         <load_address>0x5657</load_address>
         <run_address>0x5657</run_address>
         <size>0x2a4</size>
         <input_file_ref idref="fl-3b"/>
      </object_component>
      <object_component id="oc-8e">
         <name>.debug_info</name>
         <load_address>0x58fb</load_address>
         <run_address>0x58fb</run_address>
         <size>0x249</size>
         <input_file_ref idref="fl-3c"/>
      </object_component>
      <object_component id="oc-93">
         <name>.debug_info</name>
         <load_address>0x5b44</load_address>
         <run_address>0x5b44</run_address>
         <size>0x25f</size>
         <input_file_ref idref="fl-3d"/>
      </object_component>
      <object_component id="oc-99">
         <name>.debug_info</name>
         <load_address>0x5da3</load_address>
         <run_address>0x5da3</run_address>
         <size>0xf7</size>
         <input_file_ref idref="fl-3e"/>
      </object_component>
      <object_component id="oc-9e">
         <name>.debug_info</name>
         <load_address>0x5e9a</load_address>
         <run_address>0x5e9a</run_address>
         <size>0xea</size>
         <input_file_ref idref="fl-3f"/>
      </object_component>
      <object_component id="oc-a3">
         <name>.debug_info</name>
         <load_address>0x5f84</load_address>
         <run_address>0x5f84</run_address>
         <size>0xfa</size>
         <input_file_ref idref="fl-40"/>
      </object_component>
      <object_component id="oc-a8">
         <name>.debug_info</name>
         <load_address>0x607e</load_address>
         <run_address>0x607e</run_address>
         <size>0xec</size>
         <input_file_ref idref="fl-41"/>
      </object_component>
      <object_component id="oc-ac">
         <name>.debug_info</name>
         <load_address>0x616a</load_address>
         <run_address>0x616a</run_address>
         <size>0xf3</size>
         <input_file_ref idref="fl-42"/>
      </object_component>
      <object_component id="oc-b0">
         <name>.debug_info</name>
         <load_address>0x625d</load_address>
         <run_address>0x625d</run_address>
         <size>0x2c9</size>
         <input_file_ref idref="fl-43"/>
      </object_component>
      <object_component id="oc-b5">
         <name>.debug_info</name>
         <load_address>0x6526</load_address>
         <run_address>0x6526</run_address>
         <size>0x1a0</size>
         <input_file_ref idref="fl-44"/>
      </object_component>
      <object_component id="oc-b8">
         <name>.debug_info</name>
         <load_address>0x66c6</load_address>
         <run_address>0x66c6</run_address>
         <size>0xe6</size>
         <input_file_ref idref="fl-47"/>
      </object_component>
      <object_component id="oc-bd">
         <name>.debug_info</name>
         <load_address>0x67ac</load_address>
         <run_address>0x67ac</run_address>
         <size>0xe7</size>
         <input_file_ref idref="fl-48"/>
      </object_component>
      <object_component id="oc-c2">
         <name>.debug_info</name>
         <load_address>0x6893</load_address>
         <run_address>0x6893</run_address>
         <size>0xe7</size>
         <input_file_ref idref="fl-49"/>
      </object_component>
      <object_component id="oc-c6">
         <name>.debug_info</name>
         <load_address>0x697a</load_address>
         <run_address>0x697a</run_address>
         <size>0x2d2</size>
         <input_file_ref idref="fl-4a"/>
      </object_component>
      <object_component id="oc-cb">
         <name>.debug_info</name>
         <load_address>0x6c4c</load_address>
         <run_address>0x6c4c</run_address>
         <size>0x29e</size>
         <input_file_ref idref="fl-4b"/>
      </object_component>
      <object_component id="oc-d0">
         <name>.debug_info</name>
         <load_address>0x6eea</load_address>
         <run_address>0x6eea</run_address>
         <size>0xba</size>
         <input_file_ref idref="fl-4c"/>
      </object_component>
      <object_component id="oc-d4">
         <name>.debug_info</name>
         <load_address>0x6fa4</load_address>
         <run_address>0x6fa4</run_address>
         <size>0xbf</size>
         <input_file_ref idref="fl-4d"/>
      </object_component>
      <object_component id="oc-d8">
         <name>.debug_info</name>
         <load_address>0x7063</load_address>
         <run_address>0x7063</run_address>
         <size>0xbd</size>
         <input_file_ref idref="fl-4e"/>
      </object_component>
      <object_component id="oc-dc">
         <name>.debug_info</name>
         <load_address>0x7120</load_address>
         <run_address>0x7120</run_address>
         <size>0xba</size>
         <input_file_ref idref="fl-4f"/>
      </object_component>
      <object_component id="oc-e0">
         <name>.debug_info</name>
         <load_address>0x71da</load_address>
         <run_address>0x71da</run_address>
         <size>0xbf</size>
         <input_file_ref idref="fl-50"/>
      </object_component>
      <object_component id="oc-e4">
         <name>.debug_info</name>
         <load_address>0x7299</load_address>
         <run_address>0x7299</run_address>
         <size>0xe8</size>
         <input_file_ref idref="fl-51"/>
      </object_component>
      <object_component id="oc-e8">
         <name>.debug_info</name>
         <load_address>0x7381</load_address>
         <run_address>0x7381</run_address>
         <size>0xbd</size>
         <input_file_ref idref="fl-52"/>
      </object_component>
      <object_component id="oc-ec">
         <name>.debug_info</name>
         <load_address>0x743e</load_address>
         <run_address>0x743e</run_address>
         <size>0x25b</size>
         <input_file_ref idref="fl-53"/>
      </object_component>
      <object_component id="oc-f1">
         <name>.debug_info</name>
         <load_address>0x7699</load_address>
         <run_address>0x7699</run_address>
         <size>0x204</size>
         <input_file_ref idref="fl-54"/>
      </object_component>
      <object_component id="oc-f6">
         <name>.debug_info</name>
         <load_address>0x789d</load_address>
         <run_address>0x789d</run_address>
         <size>0x2b6</size>
         <input_file_ref idref="fl-55"/>
      </object_component>
      <object_component id="oc-fb">
         <name>.debug_info</name>
         <load_address>0x7b53</load_address>
         <run_address>0x7b53</run_address>
         <size>0x370</size>
         <input_file_ref idref="fl-56"/>
      </object_component>
      <object_component id="oc-17d">
         <name>.debug_info</name>
         <load_address>0x7ec3</load_address>
         <run_address>0x7ec3</run_address>
         <size>0x97</size>
      </object_component>
      <object_component id="oc-4c">
         <name>.debug_frame</name>
         <load_address>0x0</load_address>
         <run_address>0x0</run_address>
         <size>0xef</size>
         <input_file_ref idref="fl-2"/>
      </object_component>
      <object_component id="oc-51">
         <name>.debug_frame</name>
         <load_address>0xef</load_address>
         <run_address>0xef</run_address>
         <size>0xef</size>
         <input_file_ref idref="fl-3"/>
      </object_component>
      <object_component id="oc-59">
         <name>.debug_frame</name>
         <load_address>0x1de</load_address>
         <run_address>0x1de</run_address>
         <size>0x1a1</size>
         <input_file_ref idref="fl-4"/>
      </object_component>
      <object_component id="oc-5e">
         <name>.debug_frame</name>
         <load_address>0x37f</load_address>
         <run_address>0x37f</run_address>
         <size>0x33</size>
         <input_file_ref idref="fl-5"/>
      </object_component>
      <object_component id="oc-64">
         <name>.debug_frame</name>
         <load_address>0x3b2</load_address>
         <run_address>0x3b2</run_address>
         <size>0xbc</size>
         <input_file_ref idref="fl-6"/>
      </object_component>
      <object_component id="oc-69">
         <name>.debug_frame</name>
         <load_address>0x46e</load_address>
         <run_address>0x46e</run_address>
         <size>0x123</size>
         <input_file_ref idref="fl-7"/>
      </object_component>
      <object_component id="oc-6f">
         <name>.debug_frame</name>
         <load_address>0x591</load_address>
         <run_address>0x591</run_address>
         <size>0xef</size>
         <input_file_ref idref="fl-8"/>
      </object_component>
      <object_component id="oc-74">
         <name>.debug_frame</name>
         <load_address>0x680</load_address>
         <run_address>0x680</run_address>
         <size>0x8b</size>
         <input_file_ref idref="fl-9"/>
      </object_component>
      <object_component id="oc-80">
         <name>.debug_frame</name>
         <load_address>0x70b</load_address>
         <run_address>0x70b</run_address>
         <size>0x32</size>
         <input_file_ref idref="fl-39"/>
      </object_component>
      <object_component id="oc-85">
         <name>.debug_frame</name>
         <load_address>0x73d</load_address>
         <run_address>0x73d</run_address>
         <size>0x42</size>
         <input_file_ref idref="fl-3a"/>
      </object_component>
      <object_component id="oc-8a">
         <name>.debug_frame</name>
         <load_address>0x77f</load_address>
         <run_address>0x77f</run_address>
         <size>0x32</size>
         <input_file_ref idref="fl-3b"/>
      </object_component>
      <object_component id="oc-8f">
         <name>.debug_frame</name>
         <load_address>0x7b1</load_address>
         <run_address>0x7b1</run_address>
         <size>0x32</size>
         <input_file_ref idref="fl-3c"/>
      </object_component>
      <object_component id="oc-94">
         <name>.debug_frame</name>
         <load_address>0x7e3</load_address>
         <run_address>0x7e3</run_address>
         <size>0x32</size>
         <input_file_ref idref="fl-3d"/>
      </object_component>
      <object_component id="oc-b1">
         <name>.debug_frame</name>
         <load_address>0x815</load_address>
         <run_address>0x815</run_address>
         <size>0x47</size>
         <input_file_ref idref="fl-43"/>
      </object_component>
      <object_component id="oc-c7">
         <name>.debug_frame</name>
         <load_address>0x85c</load_address>
         <run_address>0x85c</run_address>
         <size>0x47</size>
         <input_file_ref idref="fl-4a"/>
      </object_component>
      <object_component id="oc-cc">
         <name>.debug_frame</name>
         <load_address>0x8a3</load_address>
         <run_address>0x8a3</run_address>
         <size>0x32</size>
         <input_file_ref idref="fl-4b"/>
      </object_component>
      <object_component id="oc-ed">
         <name>.debug_frame</name>
         <load_address>0x8d5</load_address>
         <run_address>0x8d5</run_address>
         <size>0x47</size>
         <input_file_ref idref="fl-53"/>
      </object_component>
      <object_component id="oc-f2">
         <name>.debug_frame</name>
         <load_address>0x91c</load_address>
         <run_address>0x91c</run_address>
         <size>0x32</size>
         <input_file_ref idref="fl-54"/>
      </object_component>
      <object_component id="oc-f7">
         <name>.debug_frame</name>
         <load_address>0x94e</load_address>
         <run_address>0x94e</run_address>
         <size>0x32</size>
         <input_file_ref idref="fl-55"/>
      </object_component>
      <object_component id="oc-fc">
         <name>.debug_frame</name>
         <load_address>0x980</load_address>
         <run_address>0x980</run_address>
         <size>0x51</size>
         <input_file_ref idref="fl-56"/>
      </object_component>
      <object_component id="oc-4d">
         <name>.debug_line</name>
         <load_address>0x0</load_address>
         <run_address>0x0</run_address>
         <size>0x1ba</size>
         <input_file_ref idref="fl-2"/>
      </object_component>
      <object_component id="oc-52">
         <name>.debug_line</name>
         <load_address>0x1ba</load_address>
         <run_address>0x1ba</run_address>
         <size>0xee</size>
         <input_file_ref idref="fl-3"/>
      </object_component>
      <object_component id="oc-5a">
         <name>.debug_line</name>
         <load_address>0x2a8</load_address>
         <run_address>0x2a8</run_address>
         <size>0x301</size>
         <input_file_ref idref="fl-4"/>
      </object_component>
      <object_component id="oc-5f">
         <name>.debug_line</name>
         <load_address>0x5a9</load_address>
         <run_address>0x5a9</run_address>
         <size>0x2f</size>
         <input_file_ref idref="fl-5"/>
      </object_component>
      <object_component id="oc-65">
         <name>.debug_line</name>
         <load_address>0x5d8</load_address>
         <run_address>0x5d8</run_address>
         <size>0x2ad</size>
         <input_file_ref idref="fl-6"/>
      </object_component>
      <object_component id="oc-6a">
         <name>.debug_line</name>
         <load_address>0x885</load_address>
         <run_address>0x885</run_address>
         <size>0x1ad</size>
         <input_file_ref idref="fl-7"/>
      </object_component>
      <object_component id="oc-70">
         <name>.debug_line</name>
         <load_address>0xa32</load_address>
         <run_address>0xa32</run_address>
         <size>0x1ec</size>
         <input_file_ref idref="fl-8"/>
      </object_component>
      <object_component id="oc-75">
         <name>.debug_line</name>
         <load_address>0xc1e</load_address>
         <run_address>0xc1e</run_address>
         <size>0xa0</size>
         <input_file_ref idref="fl-9"/>
      </object_component>
      <object_component id="oc-7a">
         <name>.debug_line</name>
         <load_address>0xcbe</load_address>
         <run_address>0xcbe</run_address>
         <size>0x4e</size>
         <input_file_ref idref="fl-38"/>
      </object_component>
      <object_component id="oc-81">
         <name>.debug_line</name>
         <load_address>0xd0c</load_address>
         <run_address>0xd0c</run_address>
         <size>0x27</size>
         <input_file_ref idref="fl-39"/>
      </object_component>
      <object_component id="oc-86">
         <name>.debug_line</name>
         <load_address>0xd33</load_address>
         <run_address>0xd33</run_address>
         <size>0x4c</size>
         <input_file_ref idref="fl-3a"/>
      </object_component>
      <object_component id="oc-8b">
         <name>.debug_line</name>
         <load_address>0xd7f</load_address>
         <run_address>0xd7f</run_address>
         <size>0x37</size>
         <input_file_ref idref="fl-3b"/>
      </object_component>
      <object_component id="oc-90">
         <name>.debug_line</name>
         <load_address>0xdb6</load_address>
         <run_address>0xdb6</run_address>
         <size>0x36</size>
         <input_file_ref idref="fl-3c"/>
      </object_component>
      <object_component id="oc-95">
         <name>.debug_line</name>
         <load_address>0xdec</load_address>
         <run_address>0xdec</run_address>
         <size>0x31</size>
         <input_file_ref idref="fl-3d"/>
      </object_component>
      <object_component id="oc-9a">
         <name>.debug_line</name>
         <load_address>0xe1d</load_address>
         <run_address>0xe1d</run_address>
         <size>0x4d</size>
         <input_file_ref idref="fl-3e"/>
      </object_component>
      <object_component id="oc-9f">
         <name>.debug_line</name>
         <load_address>0xe6a</load_address>
         <run_address>0xe6a</run_address>
         <size>0x43</size>
         <input_file_ref idref="fl-3f"/>
      </object_component>
      <object_component id="oc-a4">
         <name>.debug_line</name>
         <load_address>0xead</load_address>
         <run_address>0xead</run_address>
         <size>0x5a</size>
         <input_file_ref idref="fl-40"/>
      </object_component>
      <object_component id="oc-a9">
         <name>.debug_line</name>
         <load_address>0xf07</load_address>
         <run_address>0xf07</run_address>
         <size>0x64</size>
         <input_file_ref idref="fl-41"/>
      </object_component>
      <object_component id="oc-ad">
         <name>.debug_line</name>
         <load_address>0xf6b</load_address>
         <run_address>0xf6b</run_address>
         <size>0x40</size>
         <input_file_ref idref="fl-42"/>
      </object_component>
      <object_component id="oc-b2">
         <name>.debug_line</name>
         <load_address>0xfab</load_address>
         <run_address>0xfab</run_address>
         <size>0x3d</size>
         <input_file_ref idref="fl-43"/>
      </object_component>
      <object_component id="oc-b9">
         <name>.debug_line</name>
         <load_address>0xfe8</load_address>
         <run_address>0xfe8</run_address>
         <size>0x3c</size>
         <input_file_ref idref="fl-47"/>
      </object_component>
      <object_component id="oc-be">
         <name>.debug_line</name>
         <load_address>0x1024</load_address>
         <run_address>0x1024</run_address>
         <size>0x4e</size>
         <input_file_ref idref="fl-48"/>
      </object_component>
      <object_component id="oc-c3">
         <name>.debug_line</name>
         <load_address>0x1072</load_address>
         <run_address>0x1072</run_address>
         <size>0x5e</size>
         <input_file_ref idref="fl-49"/>
      </object_component>
      <object_component id="oc-c8">
         <name>.debug_line</name>
         <load_address>0x10d0</load_address>
         <run_address>0x10d0</run_address>
         <size>0x45</size>
         <input_file_ref idref="fl-4a"/>
      </object_component>
      <object_component id="oc-cd">
         <name>.debug_line</name>
         <load_address>0x1115</load_address>
         <run_address>0x1115</run_address>
         <size>0x2b</size>
         <input_file_ref idref="fl-4b"/>
      </object_component>
      <object_component id="oc-d1">
         <name>.debug_line</name>
         <load_address>0x1140</load_address>
         <run_address>0x1140</run_address>
         <size>0x2b</size>
         <input_file_ref idref="fl-4c"/>
      </object_component>
      <object_component id="oc-d5">
         <name>.debug_line</name>
         <load_address>0x116b</load_address>
         <run_address>0x116b</run_address>
         <size>0x30</size>
         <input_file_ref idref="fl-4d"/>
      </object_component>
      <object_component id="oc-d9">
         <name>.debug_line</name>
         <load_address>0x119b</load_address>
         <run_address>0x119b</run_address>
         <size>0x2e</size>
         <input_file_ref idref="fl-4e"/>
      </object_component>
      <object_component id="oc-dd">
         <name>.debug_line</name>
         <load_address>0x11c9</load_address>
         <run_address>0x11c9</run_address>
         <size>0x2b</size>
         <input_file_ref idref="fl-4f"/>
      </object_component>
      <object_component id="oc-e1">
         <name>.debug_line</name>
         <load_address>0x11f4</load_address>
         <run_address>0x11f4</run_address>
         <size>0x30</size>
         <input_file_ref idref="fl-50"/>
      </object_component>
      <object_component id="oc-e5">
         <name>.debug_line</name>
         <load_address>0x1224</load_address>
         <run_address>0x1224</run_address>
         <size>0x4b</size>
         <input_file_ref idref="fl-51"/>
      </object_component>
      <object_component id="oc-e9">
         <name>.debug_line</name>
         <load_address>0x126f</load_address>
         <run_address>0x126f</run_address>
         <size>0x2e</size>
         <input_file_ref idref="fl-52"/>
      </object_component>
      <object_component id="oc-ee">
         <name>.debug_line</name>
         <load_address>0x129d</load_address>
         <run_address>0x129d</run_address>
         <size>0x3e</size>
         <input_file_ref idref="fl-53"/>
      </object_component>
      <object_component id="oc-f3">
         <name>.debug_line</name>
         <load_address>0x12db</load_address>
         <run_address>0x12db</run_address>
         <size>0x28</size>
         <input_file_ref idref="fl-54"/>
      </object_component>
      <object_component id="oc-f8">
         <name>.debug_line</name>
         <load_address>0x1303</load_address>
         <run_address>0x1303</run_address>
         <size>0x2c</size>
         <input_file_ref idref="fl-55"/>
      </object_component>
      <object_component id="oc-fd">
         <name>.debug_line</name>
         <load_address>0x132f</load_address>
         <run_address>0x132f</run_address>
         <size>0x78</size>
         <input_file_ref idref="fl-56"/>
      </object_component>
      <object_component id="oc-4e">
         <name>.debug_abbrev</name>
         <load_address>0x0</load_address>
         <run_address>0x0</run_address>
         <size>0x192</size>
         <input_file_ref idref="fl-2"/>
      </object_component>
      <object_component id="oc-53">
         <name>.debug_abbrev</name>
         <load_address>0x192</load_address>
         <run_address>0x192</run_address>
         <size>0x96</size>
         <input_file_ref idref="fl-3"/>
      </object_component>
      <object_component id="oc-5b">
         <name>.debug_abbrev</name>
         <load_address>0x228</load_address>
         <run_address>0x228</run_address>
         <size>0x1be</size>
         <input_file_ref idref="fl-4"/>
      </object_component>
      <object_component id="oc-60">
         <name>.debug_abbrev</name>
         <load_address>0x3e6</load_address>
         <run_address>0x3e6</run_address>
         <size>0x7a</size>
         <input_file_ref idref="fl-5"/>
      </object_component>
      <object_component id="oc-66">
         <name>.debug_abbrev</name>
         <load_address>0x460</load_address>
         <run_address>0x460</run_address>
         <size>0x173</size>
         <input_file_ref idref="fl-6"/>
      </object_component>
      <object_component id="oc-6b">
         <name>.debug_abbrev</name>
         <load_address>0x5d3</load_address>
         <run_address>0x5d3</run_address>
         <size>0x18f</size>
         <input_file_ref idref="fl-7"/>
      </object_component>
      <object_component id="oc-71">
         <name>.debug_abbrev</name>
         <load_address>0x762</load_address>
         <run_address>0x762</run_address>
         <size>0x197</size>
         <input_file_ref idref="fl-8"/>
      </object_component>
      <object_component id="oc-76">
         <name>.debug_abbrev</name>
         <load_address>0x8f9</load_address>
         <run_address>0x8f9</run_address>
         <size>0xf1</size>
         <input_file_ref idref="fl-9"/>
      </object_component>
      <object_component id="oc-7b">
         <name>.debug_abbrev</name>
         <load_address>0x9ea</load_address>
         <run_address>0x9ea</run_address>
         <size>0x38</size>
         <input_file_ref idref="fl-38"/>
      </object_component>
      <object_component id="oc-82">
         <name>.debug_abbrev</name>
         <load_address>0xa22</load_address>
         <run_address>0xa22</run_address>
         <size>0xb0</size>
         <input_file_ref idref="fl-39"/>
      </object_component>
      <object_component id="oc-87">
         <name>.debug_abbrev</name>
         <load_address>0xad2</load_address>
         <run_address>0xad2</run_address>
         <size>0xb2</size>
         <input_file_ref idref="fl-3a"/>
      </object_component>
      <object_component id="oc-8c">
         <name>.debug_abbrev</name>
         <load_address>0xb84</load_address>
         <run_address>0xb84</run_address>
         <size>0xbb</size>
         <input_file_ref idref="fl-3b"/>
      </object_component>
      <object_component id="oc-91">
         <name>.debug_abbrev</name>
         <load_address>0xc3f</load_address>
         <run_address>0xc3f</run_address>
         <size>0xd6</size>
         <input_file_ref idref="fl-3c"/>
      </object_component>
      <object_component id="oc-96">
         <name>.debug_abbrev</name>
         <load_address>0xd15</load_address>
         <run_address>0xd15</run_address>
         <size>0x9d</size>
         <input_file_ref idref="fl-3d"/>
      </object_component>
      <object_component id="oc-9b">
         <name>.debug_abbrev</name>
         <load_address>0xdb2</load_address>
         <run_address>0xdb2</run_address>
         <size>0x46</size>
         <input_file_ref idref="fl-3e"/>
      </object_component>
      <object_component id="oc-a0">
         <name>.debug_abbrev</name>
         <load_address>0xdf8</load_address>
         <run_address>0xdf8</run_address>
         <size>0x38</size>
         <input_file_ref idref="fl-3f"/>
      </object_component>
      <object_component id="oc-a5">
         <name>.debug_abbrev</name>
         <load_address>0xe30</load_address>
         <run_address>0xe30</run_address>
         <size>0x46</size>
         <input_file_ref idref="fl-40"/>
      </object_component>
      <object_component id="oc-aa">
         <name>.debug_abbrev</name>
         <load_address>0xe76</load_address>
         <run_address>0xe76</run_address>
         <size>0x38</size>
         <input_file_ref idref="fl-41"/>
      </object_component>
      <object_component id="oc-ae">
         <name>.debug_abbrev</name>
         <load_address>0xeae</load_address>
         <run_address>0xeae</run_address>
         <size>0x36</size>
         <input_file_ref idref="fl-42"/>
      </object_component>
      <object_component id="oc-b3">
         <name>.debug_abbrev</name>
         <load_address>0xee4</load_address>
         <run_address>0xee4</run_address>
         <size>0xfe</size>
         <input_file_ref idref="fl-43"/>
      </object_component>
      <object_component id="oc-b6">
         <name>.debug_abbrev</name>
         <load_address>0xfe2</load_address>
         <run_address>0xfe2</run_address>
         <size>0x53</size>
         <input_file_ref idref="fl-44"/>
      </object_component>
      <object_component id="oc-ba">
         <name>.debug_abbrev</name>
         <load_address>0x1035</load_address>
         <run_address>0x1035</run_address>
         <size>0x24</size>
         <input_file_ref idref="fl-47"/>
      </object_component>
      <object_component id="oc-bf">
         <name>.debug_abbrev</name>
         <load_address>0x1059</load_address>
         <run_address>0x1059</run_address>
         <size>0x38</size>
         <input_file_ref idref="fl-48"/>
      </object_component>
      <object_component id="oc-c4">
         <name>.debug_abbrev</name>
         <load_address>0x1091</load_address>
         <run_address>0x1091</run_address>
         <size>0x38</size>
         <input_file_ref idref="fl-49"/>
      </object_component>
      <object_component id="oc-c9">
         <name>.debug_abbrev</name>
         <load_address>0x10c9</load_address>
         <run_address>0x10c9</run_address>
         <size>0x9f</size>
         <input_file_ref idref="fl-4a"/>
      </object_component>
      <object_component id="oc-ce">
         <name>.debug_abbrev</name>
         <load_address>0x1168</load_address>
         <run_address>0x1168</run_address>
         <size>0xa6</size>
         <input_file_ref idref="fl-4b"/>
      </object_component>
      <object_component id="oc-d2">
         <name>.debug_abbrev</name>
         <load_address>0x120e</load_address>
         <run_address>0x120e</run_address>
         <size>0x38</size>
         <input_file_ref idref="fl-4c"/>
      </object_component>
      <object_component id="oc-d6">
         <name>.debug_abbrev</name>
         <load_address>0x1246</load_address>
         <run_address>0x1246</run_address>
         <size>0x2a</size>
         <input_file_ref idref="fl-4d"/>
      </object_component>
      <object_component id="oc-da">
         <name>.debug_abbrev</name>
         <load_address>0x1270</load_address>
         <run_address>0x1270</run_address>
         <size>0x2a</size>
         <input_file_ref idref="fl-4e"/>
      </object_component>
      <object_component id="oc-de">
         <name>.debug_abbrev</name>
         <load_address>0x129a</load_address>
         <run_address>0x129a</run_address>
         <size>0x38</size>
         <input_file_ref idref="fl-4f"/>
      </object_component>
      <object_component id="oc-e2">
         <name>.debug_abbrev</name>
         <load_address>0x12d2</load_address>
         <run_address>0x12d2</run_address>
         <size>0x53</size>
         <input_file_ref idref="fl-50"/>
      </object_component>
      <object_component id="oc-e6">
         <name>.debug_abbrev</name>
         <load_address>0x1325</load_address>
         <run_address>0x1325</run_address>
         <size>0x2a</size>
         <input_file_ref idref="fl-51"/>
      </object_component>
      <object_component id="oc-ea">
         <name>.debug_abbrev</name>
         <load_address>0x134f</load_address>
         <run_address>0x134f</run_address>
         <size>0x2a</size>
         <input_file_ref idref="fl-52"/>
      </object_component>
      <object_component id="oc-ef">
         <name>.debug_abbrev</name>
         <load_address>0x1379</load_address>
         <run_address>0x1379</run_address>
         <size>0x68</size>
         <input_file_ref idref="fl-53"/>
      </object_component>
      <object_component id="oc-f4">
         <name>.debug_abbrev</name>
         <load_address>0x13e1</load_address>
         <run_address>0x13e1</run_address>
         <size>0xa9</size>
         <input_file_ref idref="fl-54"/>
      </object_component>
      <object_component id="oc-f9">
         <name>.debug_abbrev</name>
         <load_address>0x148a</load_address>
         <run_address>0x148a</run_address>
         <size>0xec</size>
         <input_file_ref idref="fl-55"/>
      </object_component>
      <object_component id="oc-fe">
         <name>.debug_abbrev</name>
         <load_address>0x1576</load_address>
         <run_address>0x1576</run_address>
         <size>0xec</size>
         <input_file_ref idref="fl-56"/>
      </object_component>
      <object_component id="oc-17e">
         <name>.debug_abbrev</name>
         <load_address>0x1662</load_address>
         <run_address>0x1662</run_address>
         <size>0xf</size>
      </object_component>
      <object_component id="oc-4f">
         <name>.debug_aranges</name>
         <load_address>0x0</load_address>
         <run_address>0x0</run_address>
         <size>0x48</size>
         <input_file_ref idref="fl-2"/>
      </object_component>
      <object_component id="oc-54">
         <name>.debug_aranges</name>
         <load_address>0x48</load_address>
         <run_address>0x48</run_address>
         <size>0x60</size>
         <input_file_ref idref="fl-3"/>
      </object_component>
      <object_component id="oc-5c">
         <name>.debug_aranges</name>
         <load_address>0xa8</load_address>
         <run_address>0xa8</run_address>
         <size>0xa0</size>
         <input_file_ref idref="fl-4"/>
      </object_component>
      <object_component id="oc-61">
         <name>.debug_aranges</name>
         <load_address>0x148</load_address>
         <run_address>0x148</run_address>
         <size>0x18</size>
         <input_file_ref idref="fl-5"/>
      </object_component>
      <object_component id="oc-67">
         <name>.debug_aranges</name>
         <load_address>0x160</load_address>
         <run_address>0x160</run_address>
         <size>0x40</size>
         <input_file_ref idref="fl-6"/>
      </object_component>
      <object_component id="oc-6c">
         <name>.debug_aranges</name>
         <load_address>0x1a0</load_address>
         <run_address>0x1a0</run_address>
         <size>0x68</size>
         <input_file_ref idref="fl-7"/>
      </object_component>
      <object_component id="oc-72">
         <name>.debug_aranges</name>
         <load_address>0x208</load_address>
         <run_address>0x208</run_address>
         <size>0x50</size>
         <input_file_ref idref="fl-8"/>
      </object_component>
      <object_component id="oc-77">
         <name>.debug_aranges</name>
         <load_address>0x258</load_address>
         <run_address>0x258</run_address>
         <size>0x30</size>
         <input_file_ref idref="fl-9"/>
      </object_component>
      <object_component id="oc-7c">
         <name>.debug_aranges</name>
         <load_address>0x288</load_address>
         <run_address>0x288</run_address>
         <size>0x20</size>
         <input_file_ref idref="fl-38"/>
      </object_component>
      <object_component id="oc-83">
         <name>.debug_aranges</name>
         <load_address>0x2a8</load_address>
         <run_address>0x2a8</run_address>
         <size>0x18</size>
         <input_file_ref idref="fl-39"/>
      </object_component>
      <object_component id="oc-88">
         <name>.debug_aranges</name>
         <load_address>0x2c0</load_address>
         <run_address>0x2c0</run_address>
         <size>0x20</size>
         <input_file_ref idref="fl-3a"/>
      </object_component>
      <object_component id="oc-8d">
         <name>.debug_aranges</name>
         <load_address>0x2e0</load_address>
         <run_address>0x2e0</run_address>
         <size>0x18</size>
         <input_file_ref idref="fl-3b"/>
      </object_component>
      <object_component id="oc-92">
         <name>.debug_aranges</name>
         <load_address>0x2f8</load_address>
         <run_address>0x2f8</run_address>
         <size>0x18</size>
         <input_file_ref idref="fl-3c"/>
      </object_component>
      <object_component id="oc-97">
         <name>.debug_aranges</name>
         <load_address>0x310</load_address>
         <run_address>0x310</run_address>
         <size>0x18</size>
         <input_file_ref idref="fl-3d"/>
      </object_component>
      <object_component id="oc-9c">
         <name>.debug_aranges</name>
         <load_address>0x328</load_address>
         <run_address>0x328</run_address>
         <size>0x20</size>
         <input_file_ref idref="fl-3e"/>
      </object_component>
      <object_component id="oc-a1">
         <name>.debug_aranges</name>
         <load_address>0x348</load_address>
         <run_address>0x348</run_address>
         <size>0x20</size>
         <input_file_ref idref="fl-3f"/>
      </object_component>
      <object_component id="oc-a6">
         <name>.debug_aranges</name>
         <load_address>0x368</load_address>
         <run_address>0x368</run_address>
         <size>0x20</size>
         <input_file_ref idref="fl-40"/>
      </object_component>
      <object_component id="oc-ab">
         <name>.debug_aranges</name>
         <load_address>0x388</load_address>
         <run_address>0x388</run_address>
         <size>0x20</size>
         <input_file_ref idref="fl-41"/>
      </object_component>
      <object_component id="oc-af">
         <name>.debug_aranges</name>
         <load_address>0x3a8</load_address>
         <run_address>0x3a8</run_address>
         <size>0x20</size>
         <input_file_ref idref="fl-42"/>
      </object_component>
      <object_component id="oc-b4">
         <name>.debug_aranges</name>
         <load_address>0x3c8</load_address>
         <run_address>0x3c8</run_address>
         <size>0x20</size>
         <input_file_ref idref="fl-43"/>
      </object_component>
      <object_component id="oc-bb">
         <name>.debug_aranges</name>
         <load_address>0x3e8</load_address>
         <run_address>0x3e8</run_address>
         <size>0x20</size>
         <input_file_ref idref="fl-47"/>
      </object_component>
      <object_component id="oc-c0">
         <name>.debug_aranges</name>
         <load_address>0x408</load_address>
         <run_address>0x408</run_address>
         <size>0x20</size>
         <input_file_ref idref="fl-48"/>
      </object_component>
      <object_component id="oc-c5">
         <name>.debug_aranges</name>
         <load_address>0x428</load_address>
         <run_address>0x428</run_address>
         <size>0x20</size>
         <input_file_ref idref="fl-49"/>
      </object_component>
      <object_component id="oc-ca">
         <name>.debug_aranges</name>
         <load_address>0x448</load_address>
         <run_address>0x448</run_address>
         <size>0x20</size>
         <input_file_ref idref="fl-4a"/>
      </object_component>
      <object_component id="oc-cf">
         <name>.debug_aranges</name>
         <load_address>0x468</load_address>
         <run_address>0x468</run_address>
         <size>0x18</size>
         <input_file_ref idref="fl-4b"/>
      </object_component>
      <object_component id="oc-d3">
         <name>.debug_aranges</name>
         <load_address>0x480</load_address>
         <run_address>0x480</run_address>
         <size>0x18</size>
         <input_file_ref idref="fl-4c"/>
      </object_component>
      <object_component id="oc-d7">
         <name>.debug_aranges</name>
         <load_address>0x498</load_address>
         <run_address>0x498</run_address>
         <size>0x18</size>
         <input_file_ref idref="fl-4d"/>
      </object_component>
      <object_component id="oc-db">
         <name>.debug_aranges</name>
         <load_address>0x4b0</load_address>
         <run_address>0x4b0</run_address>
         <size>0x18</size>
         <input_file_ref idref="fl-4e"/>
      </object_component>
      <object_component id="oc-df">
         <name>.debug_aranges</name>
         <load_address>0x4c8</load_address>
         <run_address>0x4c8</run_address>
         <size>0x18</size>
         <input_file_ref idref="fl-4f"/>
      </object_component>
      <object_component id="oc-e3">
         <name>.debug_aranges</name>
         <load_address>0x4e0</load_address>
         <run_address>0x4e0</run_address>
         <size>0x18</size>
         <input_file_ref idref="fl-50"/>
      </object_component>
      <object_component id="oc-e7">
         <name>.debug_aranges</name>
         <load_address>0x4f8</load_address>
         <run_address>0x4f8</run_address>
         <size>0x20</size>
         <input_file_ref idref="fl-51"/>
      </object_component>
      <object_component id="oc-eb">
         <name>.debug_aranges</name>
         <load_address>0x518</load_address>
         <run_address>0x518</run_address>
         <size>0x18</size>
         <input_file_ref idref="fl-52"/>
      </object_component>
      <object_component id="oc-f0">
         <name>.debug_aranges</name>
         <load_address>0x530</load_address>
         <run_address>0x530</run_address>
         <size>0x20</size>
         <input_file_ref idref="fl-53"/>
      </object_component>
      <object_component id="oc-f5">
         <name>.debug_aranges</name>
         <load_address>0x550</load_address>
         <run_address>0x550</run_address>
         <size>0x18</size>
         <input_file_ref idref="fl-54"/>
      </object_component>
      <object_component id="oc-fa">
         <name>.debug_aranges</name>
         <load_address>0x568</load_address>
         <run_address>0x568</run_address>
         <size>0x18</size>
         <input_file_ref idref="fl-55"/>
      </object_component>
      <object_component id="oc-ff">
         <name>.debug_aranges</name>
         <load_address>0x580</load_address>
         <run_address>0x580</run_address>
         <size>0x20</size>
         <input_file_ref idref="fl-56"/>
      </object_component>
   </object_component_list>
   <logical_group_list>
      <logical_group id="lg-2" display="no" color="cyan">
         <name>.bss</name>
         <run_address>0x200</run_address>
         <size>0x94</size>
         <contents>
            <object_component_ref idref="oc-49"/>
            <object_component_ref idref="oc-55"/>
            <object_component_ref idref="oc-62"/>
            <object_component_ref idref="oc-6d"/>
         </contents>
      </logical_group>
      <logical_group id="lg-3" display="no" color="cyan">
         <name>.data</name>
         <run_address>0x200</run_address>
         <size>0x0</size>
         <contents>
         </contents>
      </logical_group>
      <logical_group id="lg-4" display="no" color="cyan">
         <name>.TI.noinit</name>
         <run_address>0x0</run_address>
         <size>0x0</size>
         <contents>
         </contents>
      </logical_group>
      <logical_group id="lg-5" display="no" color="cyan">
         <name>.sysmem</name>
         <run_address>0x0</run_address>
         <size>0x0</size>
         <contents>
         </contents>
      </logical_group>
      <logical_group id="lg-6" display="no" color="cyan">
         <name>.stack</name>
         <run_address>0x9b0</run_address>
         <size>0x50</size>
         <contents>
            <object_component_ref idref="oc-7e"/>
            <object_component_ref idref="oc-17c"/>
         </contents>
      </logical_group>
      <logical_group id="lg-7" display="no" color="cyan">
         <name>.text</name>
         <load_address>0xc000</load_address>
         <run_address>0xc000</run_address>
         <size>0x15f6</size>
         <contents>
            <object_component_ref idref="oc-11e"/>
            <object_component_ref idref="oc-148"/>
            <object_component_ref idref="oc-147"/>
            <object_component_ref idref="oc-146"/>
            <object_component_ref idref="oc-12f"/>
            <object_component_ref idref="oc-138"/>
[...]
         <name>gui_ZeroReading</name>
         <value>0x266</value>
         <object_component_ref idref="oc-55"/>
      </symbol>
      <symbol id="sm-1dd">
         <name>vMain_FetchLabel</name>
         <value>0xc826</value>
         <object_component_ref idref="oc-12f"/>
      </symbol>
      <symbol id="sm-1de">
         <name>ucMAIN_ReturnSensorType</name>
         <value>0xd5d4</value>
         <object_component_ref idref="oc-128"/>
      </symbol>
      <symbol id="sm-1df">
         <name>main</name>
         <value>0xd572</value>
         <object_component_ref idref="oc-111"/>
      </symbol>
      <symbol id="sm-1e0">
         <name>ucMain_FetchData</name>
         <value>0xcc52</value>
         <object_component_ref idref="oc-130"/>
      </symbol>
      <symbol id="sm-1e1">
         <name>vMain_CleanDataStruct</name>
         <value>0xd090</value>
         <object_component_ref idref="oc-11d"/>
      </symbol>
      <symbol id="sm-1e2">
         <name>vMain_EventTrigger</name>
         <value>0xd5f4</value>
         <object_component_ref idref="oc-134"/>
      </symbol>
      <symbol id="sm-1e3">
         <name>uiMain_Test</name>
         <value>0xd51a</value>
         <object_component_ref idref="oc-142"/>
      </symbol>
      <symbol id="sm-1e4">
         <name>g_ucEventTrigger</name>
         <value>0x26e</value>
         <object_component_ref idref="oc-55"/>
      </symbol>
      <symbol id="sm-1e5">
         <name>gui_ThermistorReading</name>
         <value>0x268</value>
         <object_component_ref idref="oc-55"/>
      </symbol>
      <symbol id="sm-1e6">
         <name>uiMainDispatch</name>
         <value>0xd248</value>
         <object_component_ref idref="oc-132"/>
      </symbol>
      <symbol id="sm-1e7">
         <name>guc_ADCInitialized</name>
         <value>0x26a</value>
         <object_component_ref idref="oc-55"/>
      </symbol>
      <symbol id="sm-1e8">
         <name>uiMain_CH3</name>
         <value>0xccbe</value>
         <object_component_ref idref="oc-13f"/>
      </symbol>
      <symbol id="sm-1e9">
         <name>uiMain_CH2</name>
         <value>0xcd90</value>
         <object_component_ref idref="oc-140"/>
      </symbol>
      <symbol id="sm-1ea">
         <name>uiMain_CH1</name>
         <value>0xcd28</value>
         <object_component_ref idref="oc-141"/>
      </symbol>
      <symbol id="sm-1eb">
         <name>uiMain_CH4</name>
         <value>0xcdf8</value>
         <object_component_ref idref="oc-13e"/>
      </symbol>
      <symbol id="sm-1ec">
         <name>ucMain_ShutdownAllowed</name>
         <value>0xd5d8</value>
         <object_component_ref idref="oc-127"/>
      </symbol>
      <symbol id="sm-234">
         <name>vCORE_Send_ErrorMsg</name>
         <value>0xd3fe</value>
         <object_component_ref idref="oc-133"/>
      </symbol>
      <symbol id="sm-235">
         <name>uiHID</name>
         <value>0x28c</value>
         <object_component_ref idref="oc-62"/>
      </symbol>
      <symbol id="sm-236">
         <name>vCORE_Send_ConfirmPKT</name>
         <value>0xd47a</value>
         <object_component_ref idref="oc-131"/>
      </symbol>
      <symbol id="sm-237">
         <name>vCORE_Initilize</name>
         <value>0xc9a4</value>
         <object_component_ref idref="oc-11c"/>
      </symbol>
      <symbol id="sm-238">
         <name>unCORE_GetVoltage</name>
         <value>0xcb70</value>
         <object_component_ref idref="oc-122"/>
      </symbol>
      <symbol id="sm-239">
         <name>vCORE_Run</name>
         <value>0xc000</value>
         <object_component_ref idref="oc-11e"/>
      </symbol>
      <symbol id="sm-26f">
         <name>vFlash_GetBSLPW</name>
         <value>0xcbe2</value>
         <object_component_ref idref="oc-12e"/>
      </symbol>
      <symbol id="sm-270">
         <name>vFlash_GetHID</name>
         <value>0xd4a2</value>
         <object_component_ref idref="oc-121"/>
      </symbol>
      <symbol id="sm-271">
         <name>ucFlash_SetHID</name>
         <value>0xcf0c</value>
         <object_component_ref idref="oc-12a"/>
      </symbol>
      <symbol id="sm-272">
         <name>vFlash_Erase_Seg</name>
         <value>0xd4c8</value>
         <object_component_ref idref="oc-13b"/>
      </symbol>
      <symbol id="sm-273">
         <name>vFlash_DisIncorrect_BSLPW_Erase</name>
         <value>0xd34c</value>
         <object_component_ref idref="oc-13d"/>
      </symbol>
      <symbol id="sm-274">
         <name>vFlash_Read_Segment</name>
         <value>0xd2ea</value>
         <object_component_ref idref="oc-13a"/>
      </symbol>
      <symbol id="sm-275">
         <name>vFlash_init</name>
         <value>0xd532</value>
         <object_component_ref idref="oc-135"/>
      </symbol>
      <symbol id="sm-2bb">
         <name>ucCOMM_GrabMessageFromBuffer</name>
         <value>0xceb8</value>
         <object_component_ref idref="oc-126"/>
      </symbol>
      <symbol id="sm-2bc">
         <name>ucRXParityBit</name>
         <value>0x248</value>
         <object_component_ref idref="oc-6d"/>
      </symbol>
      <symbol id="sm-2bd">
         <name>ucCOMM_ReceiveByte</name>
         <value>0xca58</value>
         <object_component_ref idref="oc-139"/>
      </symbol>
      <symbol id="sm-2be">
         <name>g_ucRXBufferIndex</name>
         <value>0x246</value>
         <object_component_ref idref="oc-6d"/>
      </symbol>
      <symbol id="sm-2bf">
         <name>vCOMM_Init</name>
         <value>0xcffc</value>
         <object_component_ref idref="oc-120"/>
      </symbol>
      <symbol id="sm-2c0">
         <name>g_unCOMM_BaudRateControl</name>
         <value>0x202</value>
         <object_component_ref idref="oc-6d"/>
      </symbol>
      <symbol id="sm-2c1">
         <name>ucCOMM_WaitForStartCondition</name>
         <value>0xd154</value>
         <object_component_ref idref="oc-123"/>
      </symbol>
      <symbol id="sm-2c2">
         <name>g_ucCOMM_Flags</name>
         <value>0x200</value>
         <object_component_ref idref="oc-6d"/>
      </symbol>
      <symbol id="sm-2c3">
         <name>g_ucRXBitsLeft</name>
         <value>0x247</value>
         <object_component_ref idref="oc-6d"/>
      </symbol>
      <symbol id="sm-2c4">
         <name>vCOMM_SendMessage</name>
         <value>0xd20c</value>
         <object_component_ref idref="oc-124"/>
      </symbol>
      <symbol id="sm-2c5">
         <name>g_ucaRXBuffer</name>
         <value>0x206</value>
         <object_component_ref idref="oc-6d"/>
      </symbol>
      <symbol id="sm-2c6">
         <name>ucCOMM_SendByte</name>
         <value>0xc8f0</value>
         <object_component_ref idref="oc-138"/>
      </symbol>
      <symbol id="sm-2c7">
         <name>ucCOMM_WaitForMessage</name>
         <value>0xd1d0</value>
         <object_component_ref idref="oc-125"/>
      </symbol>
      <symbol id="sm-2c8">
         <name>g_unCOMM_BaudRateDelayControl</name>
         <value>0x204</value>
         <object_component_ref idref="oc-6d"/>
      </symbol>
      <symbol id="sm-2e4">
         <name>ucCRC16_lookupLO</name>
         <value>0xd672</value>
         <object_component_ref idref="oc-14e"/>
      </symbol>
      <symbol id="sm-2e5">
         <name>ucCRC16_compute_msg_CRC</name>
         <value>0xcafc</value>
         <object_component_ref idref="oc-137"/>
      </symbol>
      <symbol id="sm-2e6">
         <name>ucCRC16_lookupHI</name>
         <value>0xd662</value>
         <object_component_ref idref="oc-14d"/>
      </symbol>
      <symbol id="sm-2e7">
         <name>vCRC16_updateByte</name>
         <value>0xd500</value>
         <object_component_ref idref="oc-143"/>
      </symbol>
      <symbol id="sm-2e8">
         <name>vCRC16_updateNibble</name>
         <value>0xd192</value>
         <object_component_ref idref="oc-149"/>
      </symbol>
      <symbol id="sm-2f4">
         <name>I_ASR</name>
         <value>0xd37a</value>
         <object_component_ref idref="oc-78"/>
      </symbol>
      <symbol id="sm-2f5">
         <name>I_ASR_12</name>
         <value>0xd38c</value>
         <object_component_ref idref="oc-78"/>
      </symbol>
      <symbol id="sm-2f6">
         <name>I_ASR_13</name>
         <value>0xd38a</value>
         <object_component_ref idref="oc-78"/>
      </symbol>
      <symbol id="sm-2f7">
         <name>I_ASR_10</name>
         <value>0xd390</value>
         <object_component_ref idref="oc-78"/>
      </symbol>
      <symbol id="sm-2f8">
         <name>I_ASR_11</name>
         <value>0xd38e</value>
         <object_component_ref idref="oc-78"/>
      </symbol>
      <symbol id="sm-2f9">
         <name>I_ASR_14</name>
         <value>0xd388</value>
         <object_component_ref idref="oc-78"/>
      </symbol>
      <symbol id="sm-2fa">
         <name>I_ASR_15</name>
         <value>0xd386</value>
         <object_component_ref idref="oc-78"/>
      </symbol>
      <symbol id="sm-2fb">
         <name>I_ASR_3</name>
         <value>0xd39e</value>
         <object_component_ref idref="oc-78"/>
      </symbol>
      <symbol id="sm-2fc">
         <name>I_ASR_2</name>
         <value>0xd3a0</value>
         <object_component_ref idref="oc-78"/>
      </symbol>
      <symbol id="sm-2fd">
         <name>I_ASR_1</name>
         <value>0xd3a2</value>
         <object_component_ref idref="oc-78"/>
      </symbol>
      <symbol id="sm-2fe">
         <name>I_ASR_7</name>
         <value>0xd396</value>
         <object_component_ref idref="oc-78"/>
      </symbol>
      <symbol id="sm-2ff">
         <name>I_ASR_6</name>
         <value>0xd398</value>
         <object_component_ref idref="oc-78"/>
      </symbol>
      <symbol id="sm-300">
         <name>I_ASR_5</name>
         <value>0xd39a</value>
         <object_component_ref idref="oc-78"/>
      </symbol>
      <symbol id="sm-301">
         <name>I_ASR_4</name>
         <value>0xd39c</value>
         <object_component_ref idref="oc-78"/>
      </symbol>
      <symbol id="sm-302">
         <name>I_ASR_9</name>
         <value>0xd392</value>
         <object_component_ref idref="oc-78"/>
      </symbol>
      <symbol id="sm-303">
         <name>I_ASR_8</name>
         <value>0xd394</value>
         <object_component_ref idref="oc-78"/>
      </symbol>
      <symbol id="sm-312">
         <name>_stack</name>
         <value>0x9b0</value>
         <object_component_ref idref="oc-7e"/>
      </symbol>
      <symbol id="sm-313">
         <name>_reset_vector</name>
         <value>0xfffe</value>
         <object_component_ref idref="oc-7f"/>
      </symbol>
      <symbol id="sm-321">
         <name>_c_int00_noargs_noexit</name>
         <value>0xd4e6</value>
         <object_component_ref idref="oc-43"/>
      </symbol>
      <symbol id="sm-34c">
         <name>__remi</name>
         <value>0xd3a6</value>
         <object_component_ref idref="oc-98"/>
      </symbol>
      <symbol id="sm-34d">
         <name>__divi</name>
         <value>0xd3a6</value>
         <object_component_ref idref="oc-98"/>
      </symbol>
      <symbol id="sm-35b">
         <name>__remu</name>
         <value>0xd54a</value>
         <object_component_ref idref="oc-9d"/>
      </symbol>
      <symbol id="sm-35c">
         <name>__divu</name>
         <value>0xd54a</value>
         <object_component_ref idref="oc-9d"/>
      </symbol>
      <symbol id="sm-36d">
         <name>__remli</name>
         <value>0xd0d4</value>
         <object_component_ref idref="oc-a2"/>
      </symbol>
      <symbol id="sm-36e">
         <name>__divli</name>
         <value>0xd0d4</value>
         <object_component_ref idref="oc-a2"/>
      </symbol>
      <symbol id="sm-381">
         <name>__divul</name>
         <value>0xce60</value>
         <object_component_ref idref="oc-a7"/>
      </symbol>
      <symbol id="sm-382">
         <name>__remul</name>
         <value>0xce60</value>
         <object_component_ref idref="oc-a7"/>
      </symbol>
      <symbol id="sm-38f">
         <name>func_epilog_1</name>
         <value>0xd5b4</value>
         <object_component_ref idref="oc-113"/>
      </symbol>
      <symbol id="sm-390">
         <name>func_epilog_2</name>
         <value>0xd5b2</value>
         <object_component_ref idref="oc-113"/>
      </symbol>
      <symbol id="sm-391">
         <name>func_epilog_3</name>
         <value>0xd5b0</value>
         <object_component_ref idref="oc-113"/>
      </symbol>
      <symbol id="sm-392">
         <name>func_epilog_4</name>
         <value>0xd5ae</value>
         <object_component_ref idref="oc-113"/>
      </symbol>
      <symbol id="sm-393">
         <name>func_epilog_5</name>
         <value>0xd5ac</value>
         <object_component_ref idref="oc-113"/>
      </symbol>
      <symbol id="sm-394">
         <name>func_epilog_6</name>
         <value>0xd5aa</value>
         <object_component_ref idref="oc-113"/>
      </symbol>
      <symbol id="sm-395">
         <name>func_epilog_7</name>
         <value>0xd5a8</value>
         <object_component_ref idref="oc-113"/>
      </symbol>
      <symbol id="sm-3a3">
         <name>C$$EXIT</name>
         <value>0xd5d0</value>
         <object_component_ref idref="oc-112"/>
      </symbol>
      <symbol id="sm-3a4">
         <name>abort</name>
         <value>0xd5d0</value>
         <object_component_ref idref="oc-112"/>
      </symbol>
      <symbol id="sm-3ad">
         <name>__TI_int03</name>
         <value>0xffe6</value>
         <object_component_ref idref="oc-33"/>
      </symbol>
      <symbol id="sm-3b1">
         <name>__TI_int09</name>
         <value>0xfff2</value>
         <object_component_ref idref="oc-38"/>
      </symbol>
      <symbol id="sm-3bd">
         <name>__TI_ISR_TRAP</name>
         <value>0xd5c6</value>
         <object_component_ref idref="oc-b7"/>
      </symbol>
      <symbol id="sm-3c9">
         <name>I_LSL</name>
         <value>0xd3d2</value>
         <object_component_ref idref="oc-bc"/>
      </symbol>
      <symbol id="sm-3ca">
         <name>I_LSL_3</name>
         <value>0xd3f6</value>
         <object_component_ref idref="oc-bc"/>
      </symbol>
      <symbol id="sm-3cb">
         <name>I_LSL_2</name>
         <value>0xd3f8</value>
         <object_component_ref idref="oc-bc"/>
      </symbol>
      <symbol id="sm-3cc">
         <name>I_LSL_1</name>
         <value>0xd3fa</value>
         <object_component_ref idref="oc-bc"/>
      </symbol>
      <symbol id="sm-3cd">
         <name>I_LSL_7</name>
         <value>0xd3ee</value>
         <object_component_ref idref="oc-bc"/>
      </symbol>
      <symbol id="sm-3ce">
         <name>I_LSL_6</name>
         <value>0xd3f0</value>
         <object_component_ref idref="oc-bc"/>
      </symbol>
      <symbol id="sm-3cf">
         <name>I_LSL_5</name>
         <value>0xd3f2</value>
         <object_component_ref idref="oc-bc"/>
      </symbol>
      <symbol id="sm-3d0">
         <name>I_LSL_4</name>
         <value>0xd3f4</value>
         <object_component_ref idref="oc-bc"/>
      </symbol>
      <symbol id="sm-3d1">
         <name>I_LSL_9</name>
         <value>0xd3ea</value>
         <object_component_ref idref="oc-bc"/>
      </symbol>
      <symbol id="sm-3d2">
         <name>I_LSL_8</name>
         <value>0xd3ec</value>
         <object_component_ref idref="oc-bc"/>
      </symbol>
      <symbol id="sm-3d3">
         <name>I_LSL_12</name>
         <value>0xd3e4</value>
         <object_component_ref idref="oc-bc"/>
      </symbol>
      <symbol id="sm-3d4">
         <name>I_LSL_13</name>
         <value>0xd3e2</value>
         <object_component_ref idref="oc-bc"/>
      </symbol>
      <symbol id="sm-3d5">
         <name>I_LSL_10</name>
         <value>0xd3e8</value>
         <object_component_ref idref="oc-bc"/>
      </symbol>
      <symbol id="sm-3d6">
         <name>I_LSL_11</name>
         <value>0xd3e6</value>
         <object_component_ref idref="oc-bc"/>
      </symbol>
      <symbol id="sm-3d7">
         <name>I_LSL_14</name>
         <value>0xd3e0</value>
         <object_component_ref idref="oc-bc"/>
      </symbol>
      <symbol id="sm-3d8">
         <name>I_LSL_15</name>
         <value>0xd3de</value>
         <object_component_ref idref="oc-bc"/>
      </symbol>
      <symbol id="sm-3e4">
         <name>I_LSR</name>
         <value>0xcfb0</value>
         <object_component_ref idref="oc-c1"/>
      </symbol>
      <symbol id="sm-3e5">
         <name>I_LSR_12</name>
         <value>0xcfca</value>
         <object_component_ref idref="oc-c1"/>
      </symbol>
      <symbol id="sm-3e6">
         <name>I_LSR_13</name>
         <value>0xcfc6</value>
         <object_component_ref idref="oc-c1"/>
      </symbol>
      <symbol id="sm-3e7">
         <name>I_LSR_10</name>
         <value>0xcfd2</value>
         <object_component_ref idref="oc-c1"/>
      </symbol>
      <symbol id="sm-3e8">
         <name>I_LSR_11</name>
         <value>0xcfce</value>
         <object_component_ref idref="oc-c1"/>
      </symbol>
      <symbol id="sm-3e9">
         <name>I_LSR_14</name>
         <value>0xcfc2</value>
         <object_component_ref idref="oc-c1"/>
      </symbol>
      <symbol id="sm-3ea">
         <name>I_LSR_15</name>
         <value>0xcfbe</value>
         <object_component_ref idref="oc-c1"/>
      </symbol>
      <symbol id="sm-3eb">
         <name>I_LSR_3</name>
         <value>0xcfee</value>
         <object_component_ref idref="oc-c1"/>
      </symbol>
      <symbol id="sm-3ec">
         <name>I_LSR_2</name>
         <value>0xcff2</value>
         <object_component_ref idref="oc-c1"/>
      </symbol>
      <symbol id="sm-3ed">
         <name>I_LSR_1</name>
         <value>0xcff6</value>
         <object_component_ref idref="oc-c1"/>
      </symbol>
      <symbol id="sm-3ee">
         <name>I_LSR_7</name>
         <value>0xcfde</value>
         <object_component_ref idref="oc-c1"/>
      </symbol>
      <symbol id="sm-3ef">
         <name>I_LSR_6</name>
         <value>0xcfe2</value>
         <object_component_ref idref="oc-c1"/>
      </symbol>
      <symbol id="sm-3f0">
         <name>I_LSR_5</name>
         <value>0xcfe6</value>
         <object_component_ref idref="oc-c1"/>
      </symbol>
      <symbol id="sm-3f1">
         <name>I_LSR_4</name>
         <value>0xcfea</value>
         <object_component_ref idref="oc-c1"/>
      </symbol>
      <symbol id="sm-3f2">
         <name>I_LSR_9</name>
         <value>0xcfd6</value>
         <object_component_ref idref="oc-c1"/>
      </symbol>
      <symbol id="sm-3f3">
         <name>I_LSR_8</name>
         <value>0xcfda</value>
         <object_component_ref idref="oc-c1"/>
      </symbol>
      <symbol id="sm-401">
         <name>memcpy</name>
         <value>0xd584</value>
         <object_component_ref idref="oc-100"/>
      </symbol>
      <symbol id="sm-460">
         <name>__mpyl_hw</name>
         <value>0xd31e</value>
         <object_component_ref idref="oc-14b"/>
      </symbol>
      <symbol id="sm-47b">
         <name>_system_pre_init</name>
         <value>0xd5cc</value>
         <object_component_ref idref="oc-10c"/>
      </symbol>
      <symbol id="sm-4a1">
         <name>_auto_init</name>
         <value>0xd048</value>
         <object_component_ref idref="oc-10d"/>
      </symbol>
   </symbol_table>
   <title>Link successful</title>
</link_info>
